// Jest Snapshot v1, https://goo.gl/fbAQLP

exports[`NotFoundPage renders correctly 1`] = `
<Layout
  headerTitle={
    Object {
      "append": ", 404 over here!",
      "highlight": "Oops",
      "prepend": "",
    }
  }
  mainContainerClass=""
  nav={Array []}
>
  <SEO
    description=""
    lang="en"
    meta={Array []}
    noTitleTemplate={false}
    title="404: Not found"
  />
  <h1>
    NOT FOUND
  </h1>
  <p>
    You just hit a route that doesn't exist... the sadness.
  </p>
</Layout>
`;
