// Jest Snapshot v1, https://goo.gl/fbAQLP

exports[`ContactMePage renders correctly 1`] = `
<Layout
  headerTitle={
    Object {
      "append": " me",
      "highlight": "Contact",
    }
  }
  mainContainerClass="main-container--centered"
  nav={
    Array [
      Object {
        "label": "Home",
        "link": "/",
      },
      Object {
        "label": "My work",
        "link": "/my-work",
      },
    ]
  }
>
  <SEO
    description="Get in touch with me by using one of this awesome platforms! (It's free!)"
    lang="en"
    meta={Array []}
    noTitleTemplate={false}
    title="Contact me"
  />
  <div>
    <p>
      You can always send me a message over
       
      <a
        className="link-block"
        href="https://www.linkedin.com/in/eddybrandovasquez/"
        rel="noopener noreferrer"
        target="_blank"
      >
        LinkedIn
      </a>
      . I do my best to try and answer ASAP.
    </p>
  </div>
</Layout>
`;
