// Jest Snapshot v1, https://goo.gl/fbAQLP

exports[`MyWorkPage renders correctly 1`] = `
<Layout
  headerTitle={
    Object {
      "highlight": "work",
      "prepend": "My ",
    }
  }
  mainContainerClass="main-container--full-height"
  nav={
    Array [
      Object {
        "label": "Home",
        "link": "/",
      },
      Object {
        "label": "Contact me",
        "link": "/contact-me",
      },
    ]
  }
>
  <SEO
    description="This is my work as a developer, designer and entrepreneur specialised in web technologies."
    lang="en"
    meta={Array []}
    noTitleTemplate={false}
    title="My work"
  />
  <section
    className="how-it-began"
  >
    <h2>
      How it began
    </h2>
    <p>
      I started coding around 2003 at age 13 and drafted my first web designs when I was 14.
    </p>
    <p>
      Back then, my tech stack consisted of HTML 4, CSS 2 and Macromedia Flash 7, along with the occasional JavaScript snippet.
    </p>
    <p>
      My tools of choice were Macromedia Dreamweaver and Microsoft FrontPage for code editing, and Yahoo! GeoCities or the free .tk domains host for hosting.
    </p>
  </section>
  <section
    className="work-companies"
  >
    <h2>
      Some companies I've worked at
    </h2>
  </section>
  <div
    className="work-company-block"
  >
    <div>
      <Image
        Tag="div"
        alt=""
        className="company-logo"
        durationFadeIn={500}
        fadeIn={true}
        fixed={
          Object {
            "base64": "data:image/jpeg;base64,/9j/2wBDABALDA4MChAODQ4SERATGCgaGBYWGDEjJR0oOjM9PDkzODdASFxOQERXRTc4UG1RV19iZ2hnPk1xeXBkeFxlZ2P/2wBDARESEhgVGC8aGi9jQjhCY2NjY2NjY2NjY2NjY2NjY2NjY2NjY2NjY2NjY2NjY2NjY2NjY2NjY2NjY2NjY2NjY2P/wgARCAAUABQDASIAAhEBAxEB/8QAGQABAAIDAAAAAAAAAAAAAAAAAAEDAgQF/8QAFAEBAAAAAAAAAAAAAAAAAAAAAP/aAAwDAQACEAMQAAAB4K+80EjEAH//xAAcEAACAQUBAAAAAAAAAAAAAAABAhAAAxESEzH/2gAIAQEAAQUCAJrVotuFHdcn2f/EABQRAQAAAAAAAAAAAAAAAAAAACD/2gAIAQMBAT8BH//EABQRAQAAAAAAAAAAAAAAAAAAACD/2gAIAQIBAT8BH//EABsQAAEEAwAAAAAAAAAAAAAAAAEAESExECBB/9oACAEBAAY/AoBVHEvbwu6//8QAHRAAAgICAwEAAAAAAAAAAAAAAREAMSFBIHGBkf/aAAgBAQABPyG2HQn0FUyMGKxV+EQwBZF6hMyHe+H/2gAMAwEAAgADAAAAEMAAPP/EABQRAQAAAAAAAAAAAAAAAAAAACD/2gAIAQMBAT8QH//EABQRAQAAAAAAAAAAAAAAAAAAACD/2gAIAQIBAT8QH//EAB0QAQACAgIDAAAAAAAAAAAAAAEAESExQXEQUYH/2gAIAQEAAT8QDUEatHMQaTeRb9dxsbBGkeIoHcIFV9c3MTRagVQqzO9wkiFI7Pcd+Cf/2Q==",
            "height": 50,
            "src": "/static/b6b2d60fa4a246475c6e494ea0cb0867/9b664/logo-ibm.jpg",
            "srcSet": "/static/b6b2d60fa4a246475c6e494ea0cb0867/9b664/logo-ibm.jpg 1x,
/static/b6b2d60fa4a246475c6e494ea0cb0867/06a10/logo-ibm.jpg 1.5x,
/static/b6b2d60fa4a246475c6e494ea0cb0867/f1b5a/logo-ibm.jpg 2x",
            "width": 50,
          }
        }
        loading="lazy"
      />
    </div>
    <div>
      <h3>
        IBM
         
        <span
          className="inline-date"
        >
          (
          2019 - Present
          )
        </span>
      </h3>
      <div
        className="font-small"
      >
        Web developer, UI/UX designer
      </div>
    </div>
    <div
      className="col-date"
    >
      2019 - Present
    </div>
  </div>
  <div
    className="work-company-block"
  >
    <div>
      <Image
        Tag="div"
        alt=""
        className="company-logo"
        durationFadeIn={500}
        fadeIn={true}
        fixed={
          Object {
            "base64": "data:image/jpeg;base64,/9j/2wBDABALDA4MChAODQ4SERATGCgaGBYWGDEjJR0oOjM9PDkzODdASFxOQERXRTc4UG1RV19iZ2hnPk1xeXBkeFxlZ2P/2wBDARESEhgVGC8aGi9jQjhCY2NjY2NjY2NjY2NjY2NjY2NjY2NjY2NjY2NjY2NjY2NjY2NjY2NjY2NjY2NjY2NjY2P/wgARCAAUABQDASIAAhEBAxEB/8QAGAABAQADAAAAAAAAAAAAAAAAAAMCBAX/xAAUAQEAAAAAAAAAAAAAAAAAAAAA/9oADAMBAAIQAxAAAAHkVtU0WYkAD//EABsQAAIDAAMAAAAAAAAAAAAAAAECAAMSEBET/9oACAEBAAEFAphoQVNfWfStDY235//EABQRAQAAAAAAAAAAAAAAAAAAACD/2gAIAQMBAT8BH//EABQRAQAAAAAAAAAAAAAAAAAAACD/2gAIAQIBAT8BH//EAB0QAAICAQUAAAAAAAAAAAAAAAABAhExICEyYZH/2gAIAQEABj8CMejTyjnTNrk+nSHKq0f/xAAdEAEAAgICAwAAAAAAAAAAAAABACERQSAxUYGh/9oACAEBAAE/IYPdTzSGXhMJFXhuGvsQUUV7A9TbDo4f/9oADAMBAAIAAwAAABCzDzz/xAAUEQEAAAAAAAAAAAAAAAAAAAAg/9oACAEDAQE/EB//xAAUEQEAAAAAAAAAAAAAAAAAAAAg/9oACAECAQE/EB//xAAdEAEAAgICAwAAAAAAAAAAAAABESEAMVFxIEGh/9oACAEBAAE/EC2C3jDJLqP3vJiAcBMnQEPsb3yqCMeJhpBYBtA3hCmmUm42rtdr4f/Z",
            "height": 50,
            "src": "/static/244120f0b1abdd14a81264c9b9be7356/9b664/logo-kickz.jpg",
            "srcSet": "/static/244120f0b1abdd14a81264c9b9be7356/9b664/logo-kickz.jpg 1x,
/static/244120f0b1abdd14a81264c9b9be7356/06a10/logo-kickz.jpg 1.5x,
/static/244120f0b1abdd14a81264c9b9be7356/f1b5a/logo-kickz.jpg 2x",
            "width": 50,
          }
        }
        loading="lazy"
      />
    </div>
    <div>
      <h3>
        KICKZ
         
        <span
          className="inline-date"
        >
          (
          2018 - 2019
          )
        </span>
      </h3>
      <div
        className="font-small"
      >
        Web developer, architect, UI/UX designer
      </div>
    </div>
    <div
      className="col-date"
    >
      2018 - 2019
    </div>
  </div>
  <div
    className="work-company-block"
  >
    <div>
      <Image
        Tag="div"
        alt=""
        className="company-logo"
        durationFadeIn={500}
        fadeIn={true}
        fixed={
          Object {
            "base64": "data:image/jpeg;base64,/9j/2wBDABALDA4MChAODQ4SERATGCgaGBYWGDEjJR0oOjM9PDkzODdASFxOQERXRTc4UG1RV19iZ2hnPk1xeXBkeFxlZ2P/2wBDARESEhgVGC8aGi9jQjhCY2NjY2NjY2NjY2NjY2NjY2NjY2NjY2NjY2NjY2NjY2NjY2NjY2NjY2NjY2NjY2NjY2P/wgARCAAUABQDASIAAhEBAxEB/8QAGQABAAIDAAAAAAAAAAAAAAAAAAEDAgQF/8QAFAEBAAAAAAAAAAAAAAAAAAAAAP/aAAwDAQACEAMQAAAB4K+80EjEAH//xAAcEAACAQUBAAAAAAAAAAAAAAABAhAAAxESEzH/2gAIAQEAAQUCAJrVotuFHdcn2f/EABQRAQAAAAAAAAAAAAAAAAAAACD/2gAIAQMBAT8BH//EABQRAQAAAAAAAAAAAAAAAAAAACD/2gAIAQIBAT8BH//EABsQAAEEAwAAAAAAAAAAAAAAAAEAESExECBB/9oACAEBAAY/AoBVHEvbwu6//8QAHRAAAgICAwEAAAAAAAAAAAAAAREAMSFBIHGBkf/aAAgBAQABPyG2HQn0FUyMGKxV+EQwBZF6hMyHe+H/2gAMAwEAAgADAAAAEMAAPP/EABQRAQAAAAAAAAAAAAAAAAAAACD/2gAIAQMBAT8QH//EABQRAQAAAAAAAAAAAAAAAAAAACD/2gAIAQIBAT8QH//EAB0QAQACAgIDAAAAAAAAAAAAAAEAESExQXEQUYH/2gAIAQEAAT8QDUEatHMQaTeRb9dxsbBGkeIoHcIFV9c3MTRagVQqzO9wkiFI7Pcd+Cf/2Q==",
            "height": 50,
            "src": "/static/b6b2d60fa4a246475c6e494ea0cb0867/9b664/logo-ibm.jpg",
            "srcSet": "/static/b6b2d60fa4a246475c6e494ea0cb0867/9b664/logo-ibm.jpg 1x,
/static/b6b2d60fa4a246475c6e494ea0cb0867/06a10/logo-ibm.jpg 1.5x,
/static/b6b2d60fa4a246475c6e494ea0cb0867/f1b5a/logo-ibm.jpg 2x",
            "width": 50,
          }
        }
        loading="lazy"
      />
    </div>
    <div>
      <h3>
        IBM
         
        <span
          className="inline-date"
        >
          (
          2016 - 2018
          )
        </span>
      </h3>
      <div
        className="font-small"
      >
        Web developer
      </div>
    </div>
    <div
      className="col-date"
    >
      2016 - 2018
    </div>
  </div>
  <div
    className="work-company-block"
  >
    <div>
      <Image
        Tag="div"
        alt=""
        className="company-logo"
        durationFadeIn={500}
        fadeIn={true}
        fixed={
          Object {
            "base64": "data:image/jpeg;base64,/9j/2wBDABALDA4MChAODQ4SERATGCgaGBYWGDEjJR0oOjM9PDkzODdASFxOQERXRTc4UG1RV19iZ2hnPk1xeXBkeFxlZ2P/2wBDARESEhgVGC8aGi9jQjhCY2NjY2NjY2NjY2NjY2NjY2NjY2NjY2NjY2NjY2NjY2NjY2NjY2NjY2NjY2NjY2NjY2P/wgARCAAUABQDASIAAhEBAxEB/8QAFwABAQEBAAAAAAAAAAAAAAAAAAMEAf/EABYBAQEBAAAAAAAAAAAAAAAAAAABAv/aAAwDAQACEAMQAAAByXjq3vELaCOA/8QAGhAAAgMBAQAAAAAAAAAAAAAAAAECAxEQEv/aAAgBAQABBQJLSdeciyy30N6zRn//xAAUEQEAAAAAAAAAAAAAAAAAAAAg/9oACAEDAQE/AR//xAAUEQEAAAAAAAAAAAAAAAAAAAAg/9oACAECAQE/AR//xAAbEAABBQEBAAAAAAAAAAAAAAABABARITFBUf/aAAgBAQAGPwJc8otBxWOzstgWBv/EAB4QAQADAAEFAQAAAAAAAAAAAAEAESFxEDFBUWHw/9oACAEBAAE/IeMHmKOxbppb6fvQeVfDCDs4H4yIitrLKlST3AJ//9oADAMBAAIAAwAAABB82IP/xAAWEQEBAQAAAAAAAAAAAAAAAAARASD/2gAIAQMBAT8Qq4//xAAWEQADAAAAAAAAAAAAAAAAAAABESD/2gAIAQIBAT8QLj//xAAfEAEAAQQCAwEAAAAAAAAAAAABEQAhMWFBUYGRsdH/2gAIAQEAAT8QWbJZK7cG1oIJbsAPR9YpEYSE7oATNome7Za5RIYTDCpwwRfjnVIGVKvLSc78HDrdQufw/tBCFjAV/9k=",
            "height": 50,
            "src": "/static/324c8674b839289a46e51f9c8cead15a/9b664/logo-bodychange.jpg",
            "srcSet": "/static/324c8674b839289a46e51f9c8cead15a/9b664/logo-bodychange.jpg 1x,
/static/324c8674b839289a46e51f9c8cead15a/06a10/logo-bodychange.jpg 1.5x,
/static/324c8674b839289a46e51f9c8cead15a/f1b5a/logo-bodychange.jpg 2x",
            "width": 50,
          }
        }
        loading="lazy"
      />
    </div>
    <div>
      <h3>
        BodyChange
         
        <span
          className="inline-date"
        >
          (
          2014 - 2015
          )
        </span>
      </h3>
      <div
        className="font-small"
      >
        Web developer, UI designer, project manager
      </div>
    </div>
    <div
      className="col-date"
    >
      2014 - 2015
    </div>
  </div>
  <div
    className="work-company-block"
  >
    <div>
      <Image
        Tag="div"
        alt=""
        className="company-logo"
        durationFadeIn={500}
        fadeIn={true}
        fixed={
          Object {
            "base64": "data:image/jpeg;base64,/9j/2wBDABALDA4MChAODQ4SERATGCgaGBYWGDEjJR0oOjM9PDkzODdASFxOQERXRTc4UG1RV19iZ2hnPk1xeXBkeFxlZ2P/2wBDARESEhgVGC8aGi9jQjhCY2NjY2NjY2NjY2NjY2NjY2NjY2NjY2NjY2NjY2NjY2NjY2NjY2NjY2NjY2NjY2NjY2P/wgARCAAUABQDASIAAhEBAxEB/8QAGQABAAMBAQAAAAAAAAAAAAAAAAIDBQEE/8QAFgEBAQEAAAAAAAAAAAAAAAAAAAID/9oADAMBAAIQAxAAAAHZqh4402hefIhYD//EABwQAQACAgMBAAAAAAAAAAAAAAEAAgMRBBASIv/aAAgBAQABBQK+QpDLonKDz8rE3CtTr//EABcRAAMBAAAAAAAAAAAAAAAAAAECESD/2gAIAQMBAT8BCWHH/8QAFxEAAwEAAAAAAAAAAAAAAAAAAQIRIP/aAAgBAgEBPwEtDMf/xAAbEAEAAgMBAQAAAAAAAAAAAAABABECECExQf/aAAgBAQAGPwLstbNCtJDByKfuuzzX/8QAHBABAQEAAwADAAAAAAAAAAAAAREAITFBEFFh/9oACAEBAAE/IZ52TeBPmHWGg/eXSji+61YOfWCAYBAJ+5Sgtvx//9oADAMBAAIAAwAAABDQD0D/xAAbEQACAQUAAAAAAAAAAAAAAAABECERMUGB4f/aAAgBAwEBPxCOWzriqRC//8QAFxEBAAMAAAAAAAAAAAAAAAAAASAxUf/aAAgBAgEBPxA9DUP/xAAgEAACAgEDBQAAAAAAAAAAAAABEQAhMUFRgRBhodHw/9oACAEBAAE/EDDDRFVWvkQOrSSWd8Z+MENwANwdxU6mIfviHAUzWROWrNYggmAFOxCgYhQyE5DRO23T/9k=",
            "height": 50,
            "src": "/static/d211f0cd11551f065f3276eb69cd7997/9b664/logo-peru.jpg",
            "srcSet": "/static/d211f0cd11551f065f3276eb69cd7997/9b664/logo-peru.jpg 1x,
/static/d211f0cd11551f065f3276eb69cd7997/06a10/logo-peru.jpg 1.5x,
/static/d211f0cd11551f065f3276eb69cd7997/f1b5a/logo-peru.jpg 2x",
            "width": 50,
          }
        }
        loading="lazy"
      />
    </div>
    <div>
      <h3>
        Peruvian Embassy in Ecuador
         
        <span
          className="inline-date"
        >
          (
          2008 - 2015
          )
        </span>
      </h3>
      <div
        className="font-small"
      >
        Web developer, UI/UX designer, graphic designer
      </div>
    </div>
    <div
      className="col-date"
    >
      2008 - 2015
    </div>
  </div>
</Layout>
`;
