// Jest Snapshot v1, https://goo.gl/fbAQLP

exports[`LinkText renders correctly 1`] = `
<a
  className="link-block"
  href="/contact-me"
  style={
    Object {
      "margin": 20,
    }
  }
  title="Contact me"
>
  Contact me
   
  <svg
    aria-hidden={true}
    className="link-arrow"
    focusable="false"
    height={16}
    preserveAspectRatio="xMidYMid meet"
    style={
      Object {
        "willChange": "transform",
      }
    }
    viewBox="0 0 16 16"
    width={16}
    xmlns="http://www.w3.org/2000/svg"
  >
    <path
      d="M9.3 3.7L13.1 7.5 1 7.5 1 8.5 13.1 8.5 9.3 12.3 10 13 15 8 10 3z"
    />
  </svg>
</a>
`;
